Топ-300 слов в заголовках статей:
1 заголовок
1 простой

Топ-300 слов в статьях:
1 как
1 простой
1 текст

Распределение статей по размеру:
1 1

Распределение статей по времени:
2020 1
