Топ-300 слов в заголовках статей:
1 базовая
1 заголовок
1 простой
1 статья
1 участник

Топ-300 слов в статьях:
2 википедии
2 йцукенгшщзхъ
2 первый
2 русской
2 участник
2 фывапролджэ
2 ячсмитьбю
1 аригато
1 википедия
1 высшее
1 его
1 заглавная
1 изменить
1 история
1 ите
1 как
1 который
1 куретеите
1 лучшим
1 мир
1 мичурин
1 ноябрь
1 ноября
1 обоете
1 обс
1 объяснить
1 привет
1 призвание
1 простой
1 работает
1 раздела
1 русскоязычного
1 сделать
1 состоит
1 страница
1 текст
1 токио
1 только
1 том
1 человека
1 чтобы
1 юрисконсульт
1 японский

Распределение статей по размеру:
1 2
2 0
3 1

Распределение статей по времени:
2004 1
2005 0
2006 0
2007 0
2008 0
2009 0
2010 0
2011 0
2012 0
2013 0
2014 0
2015 0
2016 0
2017 0
2018 1
2019 0
2020 1
