Топ-300 слов в заголовках статей:

Топ-300 слов в статьях:

Распределение статей по размеру:

Распределение статей по времени:
